---
source: src/types/pp.rs
expression: expr.pretty()
---
if true then 1 else 0
