---
source: src/hir/pp.rs
expression: expr.pretty()
---
let x = 5 in x
