---
source: src/hir/pp.rs
expression: expr.pretty()
---
if (not false)
    then \x -> x
    else \x -> (not x)
