---
source: src/hir/pp.rs
expression: expr.pretty()
---
add
