---
source: src/hir/pp.rs
expression: expr.pretty()
---
letrec f = \x -> x,
       g = \y -> y
in
    (f g)
