---
source: crates/simpl-syntax2/src/test.rs
expression: parse(src).unwrap()
---
Let {
    bindings: [
        (
            "f",
            Lambda {
                params: [
                    "x",
                ],
                body: App {
                    func: Var {
                        name: "f",
                    },
                    arg: Var {
                        name: "x",
                    },
                },
            },
        ),
    ],
    body: Var {
        name: "f",
    },
}
