---
source: src/codegen/anf.rs
expression: norm.pretty()
---
123
