---
source: src/codegen/compile.rs
expression: compiled
---
#include "prelude.h"

int main (int argc, char** argv) {
    true;
    return 0;
}
