---
source: src/codegen/rename.rs
expression: renamed.pretty()
---
letrec f$0 = \x$2 -> (f$0 x$2),
       g$1 = \y$3 -> (g$1 y$3)
in
    (g$1 f$0)
