---
source: crates/simpl-codegen/src/anf.rs
expression: norm.pretty()
---
if true then 1 else 0
