---
source: crates/simpl-codegen/src/anf.rs
expression: norm.pretty()
---
123
