---
source: src/syntax/test.rs
expression: parse(src).unwrap()
---
If {
    test: Lit {
        val: Bool(
            true,
        ),
    },
    then: Lit {
        val: Int(
            1,
        ),
    },
    els: Lit {
        val: Int(
            0,
        ),
    },
}
