---
source: src/syntax/test.rs
expression: parse(src).unwrap()
---
Lit {
    val: Bool(
        true,
    ),
}
