---
source: crates/simpl-types/src/pp.rs
expression: expr.pretty()
---
add
