---
source: crates/simpl-types/src/pp.rs
expression: expr.pretty()
---
if (not false)
    then \a -> \b -> a
    else \x -> \y -> y
