---
source: src/codegen/anf.rs
expression: norm.pretty()
---
let gensym = if false
        then true
        else false in
    if gensym then 1 else 0
