---
source: src/codegen/closure.rs
expression: clo_conv.pretty()
---
let x = 5 in
    let y = 10 in
        let f = \ignored -> let $0 = ((envRef add) (envRef y)) in
                ($0 (envRef x)) in
            (f 100)
