---
source: src/codegen/compile.rs
expression: compiled
---
#include "prelude.h"

int main (int argc, char** argv) {
    1.5;
    return 0;
}
