---
source: crates/simpl-syntax/src/test.rs
expression: parse(src).unwrap()
---
Lit {
    val: Int(
        123,
    ),
}
