---
source: crates/simpl-syntax/src/test.rs
expression: ast
---
Lambda(
    LambdaExpr {
        args: [],
        body: Lit(
            Int(
                1,
            ),
        ),
    },
)
