---
source: crates/simpl-syntax/src/test.rs
expression: ast
---
Lit {
    val: Bool(
        true,
    ),
}
