---
source: crates/simpl-syntax/src/test.rs
expression: parser.parse(src).unwrap()
---
Var(
    VarExpr(
        "abc",
    ),
)
